// Jest Snapshot v1, https://goo.gl/fbAQLP

exports[`renders correctly 1`] = `
<View
  style={
    Array [
      Object {
        "overflow": "hidden",
      },
      Object {},
    ]
  }
>
  <FastImageView
    resizeMode="cover"
    source={
      Object {
        "uri": "https://www.udiscovermusic.com/wp-content/uploads/2019/04/Nirvana-Live-At-Reading-press-shot-02-CREDIT-Charles-Peterson-web-optimised-1000.jpg",
      }
    }
    style={
      Object {
        "bottom": 0,
        "left": 0,
        "position": "absolute",
        "right": 0,
        "top": 0,
      }
    }
  />
</View>
`;
